../Core/Src/main.c:95:6:HAL_CAN_RxFifo0MsgPendingCallback	16	static
../Core/Src/main.c:101:6:HAL_CAN_RxFifo1MsgPendingCallback	16	static
../Core/Src/main.c:115:5:main	16	static
../Core/Src/main.c:179:6:SystemClock_Config	128	static
../Core/Src/main.c:228:13:MX_CAN_Init	48	static
../Core/Src/main.c:279:13:MX_I2C1_Init	8	static
../Core/Src/main.c:327:13:MX_SPI1_Init	8	static
../Core/Src/main.c:367:13:MX_TIM2_Init	64	static
../Core/Src/main.c:426:13:MX_USB_PCD_Init	8	static
../Core/Src/main.c:457:13:MX_GPIO_Init	56	static
../Core/Src/main.c:510:6:configuration_set	32	static
../Core/Src/main.c:574:10:Get_distance	32	static
../Core/Src/main.c:586:6:one_iteration	16	static
../Core/Src/main.c:611:6:Error_Handler	4	static,ignoring_inline_asm
